// Jest Snapshot v1, https://goo.gl/fbAQLP

exports[`Key.spec renders correctly 1`] = `
<div>
  <button
    class="column col-3 "
  >
    1
  </button>
</div>
`;
