// Jest Snapshot v1, https://goo.gl/fbAQLP

exports[`App.spec renders app 1`] = `
<div>
  <div
    class="app"
  >
    <div
      class="p-absolute"
    >
      <input
        class="form-input"
        readonly=""
        type="text"
        value="0"
      />
      <div
        class="container"
      >
        <div
          class="columns"
        >
          <button
            class="column col-3 "
          >
            1
          </button>
          <button
            class="column col-3 "
          >
            2
          </button>
          <button
            class="column col-3 "
          >
            3
          </button>
          <button
            class="column col-3 bg-gray"
          >
            /
          </button>
        </div>
        <div
          class="columns"
        >
          <button
            class="column col-3 "
          >
            4
          </button>
          <button
            class="column col-3 "
          >
            5
          </button>
          <button
            class="column col-3 "
          >
            6
          </button>
          <button
            class="column col-3 bg-gray"
          >
            *
          </button>
        </div>
        <div
          class="columns"
        >
          <button
            class="column col-3 "
          >
            7
          </button>
          <button
            class="column col-3 "
          >
            8
          </button>
          <button
            class="column col-3 "
          >
            9
          </button>
          <button
            class="column col-3 bg-gray"
          >
            -
          </button>
        </div>
        <div
          class="columns"
        >
          <button
            class="column col-3 "
          >
            .
          </button>
          <button
            class="column col-3 "
          >
            0
          </button>
          <button
            class="column col-3 "
          >
            ce
          </button>
          <button
            class="column col-3 bg-gray"
          >
            +
          </button>
        </div>
        <div
          class="columns"
        >
          <button
            class="column  bg-warning"
          >
            =
          </button>
        </div>
      </div>
    </div>
  </div>
</div>
`;
